
> juntosp@0.1.0 build
> next build

   Ôû▓ Next.js 15.1.6
   - Environments: .env.local

   Creating an optimized production build ...
 Ô£ô Compiled successfully
   Linting and checking validity of types ...
node.exe : 
En línea: 1 Carácter: 1
+ & "C:\Program Files\nodejs/node.exe" "C:\Program Files\nodejs/node_mo ...
+ ~~~~~~~~~~~~~~~~~~~~~~~~~~~~~~~~~~~~~~~~~~~~~~~~~~~~~~~~~~~~~~~~~~~~~
    + CategoryInfo          : NotSpecified: (:String) [], RemoteException
    + FullyQualifiedErrorId : NativeCommandError
 
Failed to compile.

./src/app/buscar/page.tsx
119:6  Warning: React Hook useEffect has a missing dependency: 'supabase'. 
Either include it or remove the dependency array.  react-hooks/exhaustive-deps

./src/app/checkout/[dealId]/page.tsx
94:6  Warning: React Hook useEffect has a missing dependency: 'supabase'. 
Either include it or remove the dependency array.  react-hooks/exhaustive-deps
246:20  Warning: img elements must have an alt prop, either with meaningful 
text, or an empty string for decorative images.  jsx-a11y/alt-text

./src/app/gestion-bandha/dashboard/page.tsx
72:6  Warning: React Hook useEffect has a missing dependency: 'supabase'. 
Either include it or remove the dependency array.  react-hooks/exhaustive-deps

./src/app/provider/dashboard/edit/[id]/page.tsx
73:6  Warning: React Hook useEffect has a missing dependency: 'supabase'. 
Either include it or remove the dependency array.  react-hooks/exhaustive-deps

./src/app/provider/dashboard/page.tsx
43:6  Warning: React Hook useEffect has a missing dependency: 'fetchProducts'. 
Either include it or remove the dependency array.  react-hooks/exhaustive-deps
291:77  Error: `"` can be escaped with `&quot;`, `&ldquo;`, `&#34;`, 
`&rdquo;`.  react/no-unescaped-entities
291:100  Error: `"` can be escaped with `&quot;`, `&ldquo;`, `&#34;`, 
`&rdquo;`.  react/no-unescaped-entities

./src/app/provider/dashboard/scanner/page.tsx
64:35  Warning: The ref value 'videoRef.current' will likely have changed by 
the time this effect cleanup function runs. If this ref points to a node 
rendered by React, copy 'videoRef.current' to a variable inside the effect, 
and use that variable in the cleanup function.  react-hooks/exhaustive-deps
68:6  Warning: React Hook useEffect has a missing dependency: 'handleScan'. 
Either include it or remove the dependency array.  react-hooks/exhaustive-deps

./src/components/layout/Header.tsx
46:6  Warning: React Hook useEffect has a missing dependency: 'supabase'. 
Either include it or remove the dependency array.  react-hooks/exhaustive-deps

info  - Need to disable some ESLint rules? Learn more here: 
https://nextjs.org/docs/app/api-reference/config/eslint#disabling-rules
